INFO:     Started server process [256448]
INFO:     Waiting for application startup.
2026-05-22 10:18:16 | INFO     | financial_analyzer | 金融分析平台 启动中...
2026-05-22 10:18:16,658 INFO sqlalchemy.engine.Engine BEGIN (implicit)
2026-05-22 10:18:16,658 INFO sqlalchemy.engine.Engine PRAGMA main.table_info("stock_cache")
2026-05-22 10:18:16,658 INFO sqlalchemy.engine.Engine [raw sql] ()
2026-05-22 10:18:16,660 INFO sqlalchemy.engine.Engine PRAGMA main.table_info("portfolio")
2026-05-22 10:18:16,660 INFO sqlalchemy.engine.Engine [raw sql] ()
2026-05-22 10:18:16,660 INFO sqlalchemy.engine.Engine PRAGMA main.table_info("transactions")
2026-05-22 10:18:16,660 INFO sqlalchemy.engine.Engine [raw sql] ()
2026-05-22 10:18:16,661 INFO sqlalchemy.engine.Engine PRAGMA main.table_info("analysis_records")
2026-05-22 10:18:16,661 INFO sqlalchemy.engine.Engine [raw sql] ()
2026-05-22 10:18:16,661 INFO sqlalchemy.engine.Engine PRAGMA main.table_info("backup_records")
2026-05-22 10:18:16,662 INFO sqlalchemy.engine.Engine [raw sql] ()
2026-05-22 10:18:16,662 INFO sqlalchemy.engine.Engine COMMIT
2026-05-22 10:18:16 | INFO     | financial_analyzer | [main] 数据库表已就绪
2026-05-22 10:18:16 | INFO     | financial_analyzer | [main] 定时任务已启动（分析: 18:30，备份: 23:00）
INFO:     Application startup complete.
INFO:     Uvicorn running on http://0.0.0.0:3000 (Press CTRL+C to quit)
INFO:     127.0.0.1:53397 - "GET /api/health HTTP/1.1" 200 OK
INFO:     127.0.0.1:53400 - "GET /api/health HTTP/1.1" 200 OK
